// Jest Snapshot v1, https://goo.gl/fbAQLP

exports[`Loader should render 1`] = `
<ContentLoader
  height={200}
  primaryColor="#f3f3f3"
  secondaryColor="#ecebeb"
  speed={2}
  width={800}
>
  <rect
    height="0"
    rx="0"
    ry="0"
    width="0"
    x="37"
    y="34"
  />
  <rect
    height="32"
    rx="0"
    ry="0"
    width="258"
    x="28"
    y="29"
  />
  <rect
    height="32"
    rx="0"
    ry="0"
    width="465"
    x="28"
    y="71"
  />
  <rect
    height="0"
    rx="0"
    ry="0"
    width="0"
    x="434"
    y="94"
  />
  <rect
    height="32"
    rx="0"
    ry="0"
    width="749"
    x="29"
    y="116"
  />
</ContentLoader>
`;
